array: 1.00 GiB  (512x4096x256 bf16)
   manual1:    473.2 us    2269.1 GB/s   (median 478.9 us)
   manual2:    489.6 us    2193.1 GB/s   (median 499.0 us)
   manual4:    480.8 us    2233.4 GB/s   (median 490.5 us)
 manual8x1:    486.7 us    2206.2 GB/s   (median 491.2 us)
 manual8x8:    489.4 us    2194.0 GB/s   (median 494.2 us)
weight pair: 1.50 GiB per device (w1 512x4096x256 + w2 512x128x4096 bfloat16)
 wpair_1dev[be=4]:    622.4 us    2587.7 GB/s   (median 640.3 us)
 wpair_8dev[be=4]:    831.3 us    1937.4 GB/s per device   (15499 aggregate, median 862.5 us)
weight pair: 0.75 GiB per device (w1 512x4096x256 + w2 512x128x4096 float8_e4m3fn)
 wpair_1dev[be=4]:    387.1 us    2080.5 GB/s   (median 394.7 us)
 wpair_8dev[be=4]:    618.5 us    1302.0 GB/s per device   (10416 aggregate, median 671.3 us)
weight pair: 0.75 GiB per device (w1 512x4096x256 + w2 512x128x4096 float8_e4m3fn)
 wpair_1dev[be=8]:    398.0 us    2023.2 GB/s   (median 404.1 us)
 wpair_8dev[be=8]:    610.8 us    1318.5 GB/s per device   (10548 aggregate, median 645.3 us)
weight pair: 0.75 GiB per device (w1 512x4096x256 + w2 512x128x4096 float8_e4m3fn)
 wpair_1dev[be=16]:    409.8 us    1965.1 GB/s   (median 421.6 us)
 wpair_8dev[be=16]:    615.9 us    1307.5 GB/s per device   (10460 aggregate, median 684.8 us)
weight pair: 1.50 GiB per device (w1 512x4096x256 + w2 512x128x4096 bfloat16)
 wpair_1dev[be=8]:    622.8 us    2586.1 GB/s   (median 626.0 us)
 wpair_8dev[be=8]:    853.0 us    1888.1 GB/s per device   (15105 aggregate, median 869.6 us)
 null_1dev[steps=1]:    132.5 us   (median 138.0 us)
 null_1dev[steps=128]:    141.0 us   (median 152.6 us)
 null_8dev[steps=1]:    706.9 us   (median 747.3 us)
 null_8dev[steps=128]:    735.6 us   (median 773.6 us)
weight pair: 0.09 GiB per device (w1 64x4096x256 + w2 64x128x4096 float8_e4m3fn)
 wpair_1dev[be=4]:    174.5 us     576.9 GB/s   (median 192.4 us)
 wpair_8dev[be=4]:    395.4 us     254.6 GB/s per device   (2037 aggregate, median 447.0 us)
weight pair: 0.19 GiB per device (w1 128x4096x256 + w2 128x128x4096 float8_e4m3fn)
 wpair_1dev[be=4]:    207.6 us     969.9 GB/s   (median 220.2 us)
 wpair_8dev[be=4]:    427.3 us     471.1 GB/s per device   (3769 aggregate, median 453.5 us)
weight pair: 0.38 GiB per device (w1 256x4096x256 + w2 256x128x4096 float8_e4m3fn)
 wpair_1dev[be=4]:    275.1 us    1463.4 GB/s   (median 286.8 us)
 wpair_8dev[be=4]:    501.6 us     802.7 GB/s per device   (6421 aggregate, median 525.8 us)
