WARNING 09-01 17:10:59 [tpu_platform.py:447] Pin memory is not supported on TPU.
/home/ymu_google_com/miniconda3/envs/vllm12/lib/python3.12/site-packages/torch/cuda/__init__.py:1007: UserWarning: Can't initialize NVML
  raw_cnt = _raw_device_count_nvml()
/home/ymu_google_com/miniconda3/envs/vllm12/lib/python3.12/site-packages/torch/cuda/__init__.py:1007: UserWarning: Can't initialize NVML
  raw_cnt = _raw_device_count_nvml()
INFO 09-01 17:11:03 [importing.py:53] Triton is installed but 0 active driver(s) found (expected 1). Disabling Triton to prevent runtime errors.
INFO 09-01 17:11:03 [importing.py:88] Triton not installed or not compatible; certain GPU-related functions will not be available.
INFO 09-01 17:11:03 [__init__.py:76] TPU info: node_name=cuiq-infer-tpu7x-8-3 | tpu_type=tpu7x-8 | worker_id=0 | num_chips=8 | num_cores_per_chip=2
devices=8  T=64 (8/chip)  D=4096  E=512  I=1024  k=10  dtype=bfloat16
weights/device = 1536 MiB

variant                              min us  median us
rs_ep_fused[fp8]                      731.5      769.2
rs_ep_fused[fp8]                 device-only per dispatch: TC min      0.5 us  median    332.5 us  | SC median   30.0 us  (10 dispatches)

traces under tmp/kprof3/fp8_rs_t64/<variant>; open in xprof/tensorboard - v2 per-stage spans are named moe_*
WARNING 09-01 17:12:42 [tpu_platform.py:447] Pin memory is not supported on TPU.
/home/ymu_google_com/miniconda3/envs/vllm12/lib/python3.12/site-packages/torch/cuda/__init__.py:1007: UserWarning: Can't initialize NVML
  raw_cnt = _raw_device_count_nvml()
/home/ymu_google_com/miniconda3/envs/vllm12/lib/python3.12/site-packages/torch/cuda/__init__.py:1007: UserWarning: Can't initialize NVML
  raw_cnt = _raw_device_count_nvml()
INFO 09-01 17:12:46 [importing.py:53] Triton is installed but 0 active driver(s) found (expected 1). Disabling Triton to prevent runtime errors.
INFO 09-01 17:12:46 [importing.py:88] Triton not installed or not compatible; certain GPU-related functions will not be available.
INFO 09-01 17:12:46 [__init__.py:76] TPU info: node_name=cuiq-infer-tpu7x-8-3 | tpu_type=tpu7x-8 | worker_id=0 | num_chips=8 | num_cores_per_chip=2
devices=8  T=512 (64/chip)  D=4096  E=512  I=1024  k=10  dtype=bfloat16
weights/device = 1536 MiB

variant                              min us  median us
rs_ep_fused[fp8]                      861.5      891.1
rs_ep_fused[fp8]                 device-only per dispatch: TC min      0.5 us  median    453.3 us  | SC median   40.0 us  (10 dispatches)

traces under tmp/kprof3/fp8_rs_t512/<variant>; open in xprof/tensorboard - v2 per-stage spans are named moe_*
